/base/terrorism/terrorist	/person/terrorist
/base/terrorism/terrorist_attack	/event/terrorist_attack
/base/terrorism/terrorist_organization	/organization/terrorist_organization
/people/person	/person
/location/location	/location
/location/citytown	/location/city
/sports/pro_athlete	/person/athlete
/biology/organism_classification	/living_thing
/organization/organization	/organization
/music/album	/music
/music/artist	/person/artist
/soccer/football_player	/person/athlete
/government/politician	/person/politician
/book/author	/person/author
/architecture/structure	/building
/film/film	/art/film
/time/event	/event
/business/business_operation	/organization/company
/geography/geographical_feature	/location
/film/actor	/person/actor
/book/written_work	/written_work
/tv/tv_actor	/person/actor
/education/educational_institution	/organization/educational_institution
/music/composition	/music
/architecture/building	/building
/geography/body_of_water	/location/body_of_water
/book/book	/written_work
/music/musical_group	/person/musician
/tv/tv_program	/broadcast_program
/sports/sports_team	/organization/sports_team
/geography/river	/location/body_of_water
/location/administrative_division	/location
/boats/ship	/product/ship
/education/school	/organization/educational_institution
/visual_art/visual_artist	/person/artist
/astronomy/celestial_object	/astral_body
/baseball/baseball_player	/person/athlete
/american_football/football_player	/person/athlete
/transportation/road	/transportation/road
/cvg/computer_videogame	/game
/astronomy/orbital_relationship	/astral_body
/book/periodical	/written_work
/education/university	/organization/educational_institution
/film/director	/person/director
/soccer/football_team	/organization/sports_team
/music/composer	/person/musician
/cricket/cricket_player	/person/athlete
/government/u_s_congressperson	/person/politician
/film/writer	/person/author
/astronomy/asteroid	/astral_body
/broadcast/artist	/person/artist
/aviation/airport	/building/airport
/military/military_conflict	/event/military_conflict
/government/political_party	/government/political_party
/geography/mountain	/geography/mountain
/geography/lake	/location/body_of_water
/military/military_unit	/military
/chemistry/chemical_compound	/chemistry
/time/recurring_event	/event
/geography/island	/geography/island
/media_common/adaptation	/art/film
/basketball/basketball_player	/person/athlete
/architecture/museum	/building
/tv/tv_personality	/person/actor
/location/uk_civil_parish	/location
/film/producer	/person/artist
/user/robert/data_nursery/railway_station	/building
/ice_hockey/hockey_player	/person/athlete
/music/producer	/person/artist
/computer/software	/software
/book/magazine	/written_work
/people/ethnicity	/people/ethnicity
/aviation/aircraft_model	/product/airplane
/government/election	/event/election
/location/census_designated_place	/location
/sports/tournament_event_competition	/event/sports_event
/music/record_label	/organization/company
/medicine/disease	/disease
/architecture/architect	/person/architect
/sports/sports_facility	/building/sports_facility
/base/crime/lawyer	/person
/language/human_language	/language
/location/neighborhood	/location
/music/guitarist	/person/musician
/sports/boxer	/person/athlete
/base/popstra/celebrity	/person
/theater/play	/play
/base/rugby/rugby_player	/person/athlete
/automotive/model	/product/car
/book/journal	/written_work
/aviation/airline	/organization/airline
/transportation/bridge	/location/bridge
/theater/theater_actor	/person/actor
/architecture/skyscraper	/building
/user/sprocketonline/economics/legislation	/law
/medicine/drug	/medicine/drug
/olympics/olympic_event_competition	/event/sports_event
/book/newspaper	/written_work
/award/award	/award
/sports/cyclist	/person/athlete
/royalty/noble_title	/title
/tv/tv_producer	/person/artist
/government/government_agency	/government_agency
/government/general_election	/event/election
/tv/tv_writer	/person/author
/location/us_county	/location/county
/tennis/tennis_player	/person/athlete
/medicine/medical_treatment	/medicine/medical_treatment
/internet/website	/internet/website
/visual_art/artwork	/art
/royalty/monarch	/person/monarch
/tv/tv_director	/person/director
/location/australian_suburb	/location
/organization/non_profit_organization	/organization
/music/lyricist	/person/author
/medicine/anatomical_structure	/body_part
/sports/sports_league	/organization/sports_league
/medicine/hospital	/building/hospital
/religion/religious_leader	/person/religious_leader
/base/givennames/given_name	/person
/people/place_of_interment	/location/cemetery
/boats/ship_class	/product/ship
/user/akatenev/weapons/weapon	/product/weapon
/tv/tv_program_creator	/person/artist
/sports/australian_rules_footballer	/person/athlete
/travel/tourist_attraction	/location
/american_football/football_coach	/person/coach
/business/shopping_center	/location
/event/disaster	/event/natural_disaster
/food/dish	/food
/geography/mountain_range	/geography/mountain
/astronomy/star	/astral_body
/sports/golfer	/person/athlete
/film/cinematographer	/person/artist
/book/short_story	/written_work
/government/government_office_or_title	/title
/medicine/physician	/person/doctor
/music/conductor	/person/musician
/user/joshuamclark/default_domain/bird	/livingthing/animal
/architecture/house	/building
/games/game	/game
/people/family_name	/person
/film/editor	/person/artist
/basketball/basketball_coach	/person/coach
/user/patrick/default_domain/submarine	/product/ship
/rail/locomotive_class	/train
/music/songwriter	/person/author
/law/judge	/person
/cvg/cvg_developer	/person/engineer
/comic_books/comic_book_series	/written_work
/base/switzerland/ch_city	/location/city
/celebrities/celebrity	/person
/chess/chess_player	/person/athlete
/location/cemetery	/location/cemetery
/tv/tv_network	/broadcast_network
/opera/opera	/play
/dining/restaurant	/building/restaurant
/geography/glacier	/geography/glacier
/military/armed_force	/military
/cricket/cricket_bowler	/person/athlete
/rail/railway	/rail/railway
/basketball/basketball_team	/organization/sports_team
/martial_arts/martial_artist	/person/artist
/book/publishing_company	/organization/company
/music/instrument	/product/instrument
/food/ingredient	/food
/people/profession	/title
/metropolitan_transit/transit_line	/metropolitan_transit/transit_line
/base/handball/handball_player	/person/athlete
/architecture/lighthouse	/building
/ice_hockey/hockey_team	/organization/sports_team
/book/poem	/written_work
/book/literary_series	/written_work
/location/cn_county	/location/county
/government/governmental_body	/government/government
/user/skud/legal/treaty	/law
/base/americancomedy/comedian	/person/actor
/business/consumer_product	/product
/theater/theater	/building/theater
/computer/programming_language	/computer/programming_language
/meteorology/tropical_cyclone	/event/natural_disaster
/medicine/icd_9_cm_classification	/disease
/base/infrastructure/power_station	/building/power_station
/base/crime/law_enforcement_authority	/military
/religion/deity	/god
/base/disaster2/attack	/event/attack
/cvg/cvg_publisher	/organization/company
/baseball/baseball_team	/organization/sports_team
/base/morelaw/canadian_lawyer	/person
/medicine/symptom	/medicine/symptom
/base/hotels/hotel	/building/hotel
/music/concert_tour	/event
/military/military_commander	/person/soldier
/business/job_title	/title
/food/food	/food
/tennis/tennis_tournament	/event/sports_event
/base/disaster2/death_causing_event	/event/attack
/base/foodrecipes/recipe_ingredient	/food
/sports/professional_sports_team	/organization/sports_team
/base/formula1/formula_1_grand_prix	/event/sports_event
/travel/accommodation	/building/hotel
/base/nascar/nascar_driver	/person/athlete
/geography/mountain_pass	/geography/mountain
/base/scubadiving/marine_creature	/livingthing/animal
/location/jp_city_town	/location/city
/astronomy/astronomer	/person
/cvg/cvg_designer	/person/artist
/film/film_festival	/event
/computer/computer_scientist	/person
/base/morelaw/canadian_judge	/person
/base/prison/prison	/government_agency
/user/robert/mobile_phones/mobile_phone	/product/mobile_phone
/spaceflight/spacecraft	/product/spacecraft
/base/fashionmodels/fashion_model	/person
/biology/protein	/biology
/user/tsegaran/random/formula_one_race	/event/sports_event
/conferences/conference_series	/event
/user/robert/data_nursery/aircraft_engine	/product/engine_device
/zoos/zoo	/building
/base/formula1/formula_1_driver	/person/athlete
/finance/currency	/finance/currency
/location/australian_local_government_area	/location
/engineering/engine	/product/engine_device
/aviation/airliner_accident	/event/natural_disaster
/music/festival	/event
/time/day_of_year	/time
/base/sportssandbox/sports_event	/event/sports_event
/geography/waterfall	/location/body_of_water
/film/production_company	/organization/company
/user/skud/boats/submarine	/product/ship
/location/in_district	/location/county
/user/skud/boats/vessel_class	/product/ship
/music/bassist	/person/musician
/user/robert/default_domain/given_name	/person
/base/athletics/track_and_field_athlete	/person/athlete
/location/de_city	/location/city
/cvg/musical_game_song	/music
/amusement_parks/park	/park
/location/country	/location/country
/location/jp_district	/location/county
/base/newsevents/news_reporting_organisation	/news_agency
/education/student_radio_station	/broadcast_network
/user/robert/earthquakes/earthquake	/event/natural_disaster
/astronomy/galaxy	/astral_body
/base/rugby/rugby_club	/organization/sports_team
/time/holiday	/time
/music/engineer	/person/artist
/religion/religion	/religion/religion
/film/film_production_designer	/person/artist
/user/robert/data_nursery/galaxy	/astral_body
/education/fraternity_sorority	/organization/fraternity_sorority
/education/department	/education/department
/wine/grape_variety	/food
/aviation/aircraft_manufacturer	/organization/company
/games/playing_card_game	/game
/opera/librettist	/person/musician
/base/rugby/rugby_coach	/person/coach
/venture_capital/venture_investor	/organization/company
/computer/software_developer	/person/engineer
/education/school_newspaper	/newspaper
/dining/chef	/person
/user/tsegaran/legal/act_of_congress	/law
/base/sails/sailing_ship_class	/product/ship
/geography/mountaineer	/person
/base/popstra/company	/organization/company
/location/nl_municipality	/location/county
/user/tsegaran/computer/algorithm	/computer/algorithm
/base/americancivilwar/battle	/event/military_conflict
/food/cheese	/food
/fashion/fashion_designer	/person/artist
/user/tsegaran/random/locomotive	/train
/music/orchestra	/person/musician
/soccer/football_league	/organization/sports_league
/user/robert/military/military_person	/person/soldier
/film/film_art_director	/person/director
/religion/religious_organization	/organization
/computer/computer	/product/computer
/religion/religious_leadership_title	/title
/film/film_company	/organization/company
/base/ovguide/country_musical_groups	/person/musician
/law/courthouse	/building
/baseball/baseball_manager	/person/coach
/base/ports/port_of_call	/location
/base/engineering/canal	/location/body_of_water
/law/court	/government_agency
/soccer/football_team_manager	/person/coach
/skiing/ski_area	/location
/user/skud/boats/warship_class	/product/ship
/boats/ship_type	/product/ship
/base/engineering/dam	/building/dam
/user/lindenb/default_domain/scientist	/person
/metropolitan_transit/transit_system	/transit
/geography/island_group	/geography/island
/base/ovguide/bollywood_films	/art/film
/astronomy/astronomical_observatory	/building
/education/educational_degree	/education/educational_degree
/book/illustrator	/person/artist
/base/usnationalparks/us_national_park	/park
/sports/school_sports_team	/organization/sports_team
/comic_strips/comic_strip_creator	/person/artist
/medicine/surgeon	/person/doctor
/cvg/cvg_platform	/software
/music/opera_singer	/person/musician
/location/ar_department	/location/county
/music/guitar	/product/instrument
/book/periodical_publisher	/organization/company
/user/robert/us_congress/us_senator	/person/politician
/baseball/baseball_coach	/person/coach
/base/wrestling/professional_wrestler	/person/athlete
/base/handball/handball_team	/organization/sports_team
/cvg/game_series	/game
/location/de_rural_district	/location
/cvg/game_voice_actor	/person/artist
/base/fires/explosion	/event/natural_disaster
/base/exoplanetology/exoplanet	/astral_body
/base/aptamer/chemical_compound	/chemistry
/user/skud/embassies_and_consulates/embassy	/government_agency
/base/casinos/casino	/building
/government/national_anthem	/music
/user/kconragan/graphic_design/graphic_designer	/person/artist
/user/carmenmfenn1/ballet/ballet	/play
/location/cn_prefecture_level_city	/location/city
/film/film_costumer_designer	/person/artist
/travel/transport_terminus	/building
/visual_art/color	/visual_art/color
/language/language_dialect	/language
/architecture/architecture_firm	/organization/company
/location/us_cbsa	/location
/user/skud/boats/cruise_ship	/product/ship
/digicams/digital_camera	/product/camera
/base/aptamer/nucleic_acid	/biology
/base/crime/police_department	/government_agency
/location/ca_census_division	/location
/opera/opera_company	/organization/company
/religion/religious_text	/written_work
/book/short_non_fiction	/written_work
/location/region	/location
/base/fight/protest	/event/protest
/location/cn_county_level_city	/location/city
/base/activism/organization	/organization
/base/popstra/location	/location
/music/drummer	/person/musician
/book/translated_work	/written_work
/library/public_library_system	/building/library
/base/fires/fires	/event/natural_disaster
/base/greece/gr_city	/location/city
/film/film_distributor	/organization/company
/user/arielb/israel/israeli_settlement	/location
/location/uk_non_metropolitan_district	/location
/base/disaster2/infectious_disease	/disease
/royalty/order_of_chivalry	/title
/medicine/infectious_disease	/disease
/base/morelaw/court	/building
/base/column/column_author	/person/author
/business/trade_union	/organization
/base/popstra/organization	/organization
/library/public_library	/building/library
/government/government	/government/government
/comic_books/comic_book_creator	/person/artist
/biology/animal	/livingthing/animal
/finance/stock_exchange	/finance/stock_exchange
/baseball/baseball_league	/organization/sports_league
/broadcast/tv_channel	/broadcast/tv_channel
/base/bioventurist/science_or_technology_company	/organization/company
/user/anandology/default_domain/railway_station	/building
/base/fairytales/fairy_tale	/written_work
/film/film_series	/art/film
/user/hangy/default_domain/at_municipality	/location/city
/user/maxim75/default_domain/transit_stop_connection	/building
/film/film_featured_song	/music
/base/fashion/fashion_designer	/person/artist
/film/film_festival_event	/event
/games/game_designer	/person/artist
/user/skud/boats/submarine_class	/product/ship
/user/carmenmfenn1/greco_roman_mythology/greek_deity	/god
/ice_hockey/hockey_coach	/person/coach
/cvg/musical_game	/game
/base/train/multiple_unit	/train
/base/magic/magician	/person
/user/carmenmfenn1/ballet/ballet_dancer	/person/artist
/rail/electric_locomotive_class	/train
/base/americancomedy/movie	/art/film
/rail/locomotive	/train
/base/train/electric_locomotive	/train
/base/tallships/tall_ship	/product/ship
/user/skud/boats/sailing_vessel	/product/ship
/base/classiccars/classic_car	/product/car
/user/carmenmfenn1/greco_roman_mythology/roman_deity	/god
/base/volleyball/beach_volleyball_player	/person/athlete
/cricket/cricket_team	/organization/sports_team
/american_football/football_team	/organization/sports_team
/base/bookstores/bookstore	/building
/architecture/tower	/building
/base/disaster2/tornado	/event/natural_disaster
/user/iubookgirl/default_domain/academic_library	/building/library
/base/crime/law_firm	/organization/company
/base/movietheatres/movie_theatre	/building/theater
/base/marchmadness/ncaa_basketball_team	/organization/sports_team
/base/weapons/weapon	/product/weapon
/book/publication	/written_work
/astronomy/comet	/astral_body
/base/peleton/cyclist	/person/athlete
/base/americancomedy/tv_show	/broadcast_program
/automotive/company	/organization/company
/base/surfing/surfer	/person/athlete
/base/disaster2/rail_accident	/event/natural_disaster
/user/robert/data_nursery/rail_accident	/event/natural_disaster
/base/fires/fire_department	/government_agency
/base/disaster2/flood	/event/natural_disaster
/user/robert/roman_empire/roman_emperor	/person/monarch
/user/techgnostic/default_domain/tv_series_serial	/broadcast_program
/base/infrastructure/nuclear_power_plant	/building
/base/crime/appellate_court	/building
/user/alecf/recreation/park	/park
/music/track	/music
/opera/opera_house	/building
/base/switzerland/ch_district	/location
/music/concert_film	/art/film
/location/us_indian_reservation	/location
/chemistry/chemical_element	/chemistry
/user/robert/data_nursery/chinese_emperor	/person/monarch
/base/sportssandbox/sports_recurring_event	/event/sports_event
/base/filmcameras/camera	/product/camera
/base/backpacking1/wilderness_area	/location
/base/athletics/athletics_marathon	/event/sports_event
/base/backpacking1/national_forest	/location
/education/student_organization	/organization
/award/award_ceremony	/event
/base/skateboarding/skateboarder	/person/athlete
/cricket/cricket_coach	/person/coach
/business/oil_field	/location
/base/peleton/road_bicycle_racing_event	/event/sports_event
/conferences/conference	/event
/base/charities/charity	/organization
/base/jsbach/bach_composition	/music
/tv/tv_theme_song	/music
/location/de_urban_district	/location
/base/snowboard/snowboarder	/person/athlete
/location/it_province	/location/province
/location/it_frazione	/location
/astronomy/nebula	/astral_body
/user/patrick/default_domain/submarine_class	/product/ship
/architecture/building_complex	/building
/base/bioventurist/organization	/organization
/base/smarthistory/visual_artist	/person/artist
/base/pgschools/school	/organization/educational_institution
/base/fight/political_rebellion_or_revolution	/event/protest
/base/engineering/mine	/location
/location/fr_department	/location/county
/food/beer_country_region	/location
/base/wrestling/championship_title	/title
/astronomy/star_system	/astral_body
/aviation/aircraft	/product/airplane
/radio/radio_program	/broadcast_program
/location/id_city	/location/city
/astronomy/constellation	/astral_body
/food/tea	/food
/food/beverage	/food
/location/pr_municipality	/location/city
/theater/theater_director	/person/director
/soccer/fifa	/organization
/location/kp_city	/location/city
/cricket/cricket_stadium	/building/sports_facility
/astronomy/supernova	/astral_body
/location/es_comarca	/location/county
/government/election_campaign	/event/election
/rail/diesel_locomotive_class	/train
/comic_books/comic_book_writer	/person/artist
/olympics/olympic_games	/event/sports_event
/language/conlang	/language
/location/uk_unitary_authority	/location
/location/vn_province	/location/province
/location/in_division	/location/county
/automotive/automotive_class	/product/car
/exhibitions/exhibition	/event
/automotive/make	/organization/company
/opera/opera_director	/person/director
/location/es_province	/location/province
/wine/wine_sub_region	/location
/location/us_state	/location/province
/film/film_casting_director	/person/director
/book/reviewed_work	/written_work
/food/beer	/food
/comic_books/comic_book_story	/written_work
/location/jp_prefecture	/written_work
/government/us_vice_president	/person/politician
/american_football/super_bowl	/event/sports_event
/location/id_subdistrict	/location
/location/in_city	/location/city
/government/us_president	/person/politician
/organization/australian_organization	/organization
/location/uk_metropolitan_borough	/location
/location/uk_non_metropolitan_county	/location/county
/location/id_province	/location/province
/martial_arts/martial_arts_organization	/organization
/location/cn_autonomous_county	/location/county
/education/academic_post_title	/title
/music/concert	/event
/location/uk_council_area	/location
/location/mx_state	/location/province
/location/de_regierungsbezirk	/location/county
/location/cn_autonomous_prefecture	/location/county
/law/constitutional_amendment	/law
/digicams/digital_camera_manufacturer	/organization/company
/wine/wine	/food
/soccer/football_world_cup	/event/sports_event
/location/in_state	/location/province
/location/tw_district	/location/county
/location/br_state	/location/province
/sports/golf_course	/location
/location/fr_region	/location/province
/location/ca_indian_reserve	/location
/royalty/chivalric_title	/title
/location/ua_oblast	/location/province
/location/jp_special_ward	/location
/location/cn_province	/location/province
/location/ar_province	/location/province
/book/book_binding	/location/city
/location/vn_provincial_city	/location/city
/book/translation	/written_work
/music/music_video_director	/person/director
/location/it_region	/location
/cricket/cricket_tournament_event	/event/sports_event
/biology/amino_acid	/biology
/location/de_borough	/location
/location/ru_republic	/location/province
/location/hk_district	/location
/education/school_magazine	/written_work
/location/jp_designated_city	/location/city
/location/us_territory	/location
/location/my_division	/location/county
/location/de_state	/location/province
/location/uk_overseas_territory	/location
/location/my_state	/location/province
/cricket/cricket_tournament	/event/sports_event
/location/nl_province	/location/province
/automotive/model_year	/product/car
/music/single	/music
/wine/vineyard	/location
/organization/organization_committee_title	/title
/location/province	/location/province
/location/mx_municipality	/location
/location/uk_region	/location
/location/kp_province	/location/province
/location/jp_subprefecture	/location
/location/cn_prefecture	/location
/music/live_album	/music
/location/ru_krai	/location/province
/law/judicial_title	/title
/cricket/cricket_league	/organization/sports_league
/astronomy/planet	/location/province
/location/in_union_territory	/location/province
/location/continent	/location
/book/short_non_fiction_variety	/written_work
/book/serialized_work	/written_work
/astronomy/galactic_super_cluster	/astral_body
/astronomy/galactic_group	/astral_body
/astronomy/galactic_cluster	/astral_body
/astronomy/celestial_object_with_coordinate_system	/astral_body
/location/vn_township	/location/city
/location/uk_metropolitan_county	/location/county
/location/ru_autonomous_okrug	/location/province
/location/kp_metropolitan_city	/location/city
/location/australian_state	/location/province
/biology/chromosome	/biology
